// Jest Snapshot v1, https://goo.gl/fbAQLP

exports[`applyTheme renders correctly 1`] = `
<div
  class="css-view-1dbjc4n"
  style="box-shadow: 0px 1px 4px rgba(0,0,0,0.15); padding: 16px 16px 16px 16px; position: relative;"
>
  <input
    autocapitalize="sentences"
    autocomplete="on"
    autocorrect="on"
    class="css-textinput-11aywtz r-placeholderTextColor-fa7nb4"
    data-focusable="true"
    dir="auto"
    spellcheck="true"
    style="background-color: rgb(255, 0, 0); box-shadow: 0px 1px 4px rgba(0,0,0,0.15); font-size: 16px; height: 44px; padding: 16px 16px 16px 16px;"
    type="text"
  />
</div>
`;

exports[`defaultProps should render correctly for color 1`] = `
<div
  class="css-view-1dbjc4n"
  style="color: rgb(87, 79, 235); position: relative;"
>
  <input
    autocapitalize="sentences"
    autocomplete="on"
    autocorrect="on"
    class="css-textinput-11aywtz r-placeholderTextColor-fa7nb4"
    data-focusable="true"
    dir="auto"
    spellcheck="true"
    style="background-color: rgb(252, 252, 253); border-bottom-left-radius: 6px; border-bottom-right-radius: 6px; border-top-color: rgba(217,217,225,1.00); border-right-color: rgba(217,217,225,1.00); border-bottom-color: rgba(217,217,225,1.00); border-left-color: rgba(217,217,225,1.00); border-top-style: solid; border-right-style: solid; border-bottom-style: solid; border-left-style: solid; border-top-left-radius: 6px; border-top-right-radius: 6px; border-top-width: 1px; border-right-width: 1px; border-bottom-width: 1px; border-left-width: 1px; color: rgb(87, 79, 235); font-size: 16px; height: 44px; padding: 6.4px 12.8px 6.4px 12.8px;"
    type="text"
  />
</div>
`;

exports[`modes renders correctly for applyTheme 1`] = `
<div
  class="css-view-1dbjc4n"
  style="box-shadow: 0px 1px 4px rgba(0,0,0,0.15); color: rgb(238, 237, 253); padding: 16px 16px 16px 16px; position: relative;"
>
  <input
    autocapitalize="sentences"
    autocomplete="on"
    autocorrect="on"
    class="css-textinput-11aywtz r-placeholderTextColor-fa7nb4"
    data-focusable="true"
    dir="auto"
    spellcheck="true"
    style="background-color: rgb(255, 0, 0); border-bottom-left-radius: 6px; border-bottom-right-radius: 6px; border-top-color: rgba(217,217,225,1.00); border-right-color: rgba(217,217,225,1.00); border-bottom-color: rgba(217,217,225,1.00); border-left-color: rgba(217,217,225,1.00); border-top-style: solid; border-right-style: solid; border-bottom-style: solid; border-left-style: solid; border-top-left-radius: 6px; border-top-right-radius: 6px; border-top-width: 1px; border-right-width: 1px; border-bottom-width: 1px; border-left-width: 1px; box-shadow: 0px 1px 4px rgba(0,0,0,0.15); color: rgb(238, 237, 253); font-size: 16px; height: 44px; padding: 16px 16px 16px 16px;"
    type="text"
  />
</div>
`;

exports[`modes renders correctly for overrides 1`] = `
<div
  class="css-view-1dbjc4n"
  style="box-shadow: 0px 1px 4px rgba(0,0,0,0.15); padding: 16px 16px 16px 16px; position: relative;"
>
  <input
    autocapitalize="sentences"
    autocomplete="on"
    autocorrect="on"
    class="css-textinput-11aywtz r-placeholderTextColor-fa7nb4"
    data-focusable="true"
    dir="auto"
    spellcheck="true"
    style="background-color: rgb(255, 0, 0); border-bottom-left-radius: 6px; border-bottom-right-radius: 6px; border-top-color: rgba(217,217,225,1.00); border-right-color: rgba(217,217,225,1.00); border-bottom-color: rgba(217,217,225,1.00); border-left-color: rgba(217,217,225,1.00); border-top-style: solid; border-right-style: solid; border-bottom-style: solid; border-left-style: solid; border-top-left-radius: 6px; border-top-right-radius: 6px; border-top-width: 1px; border-right-width: 1px; border-bottom-width: 1px; border-left-width: 1px; box-shadow: 0px 1px 4px rgba(0,0,0,0.15); font-size: 16px; height: 44px; padding: 16px 16px 16px 16px;"
    type="text"
  />
</div>
`;

exports[`modes should render correctly when colorMode is set globally 1`] = `
<div
  class="css-view-1dbjc4n"
  style="color: rgb(238, 237, 253); position: relative;"
>
  <input
    autocapitalize="sentences"
    autocomplete="on"
    autocorrect="on"
    class="css-textinput-11aywtz r-placeholderTextColor-fa7nb4"
    data-focusable="true"
    dir="auto"
    spellcheck="true"
    style="background-color: rgb(255, 0, 0); border-bottom-left-radius: 6px; border-bottom-right-radius: 6px; border-top-color: rgba(217,217,225,1.00); border-right-color: rgba(217,217,225,1.00); border-bottom-color: rgba(217,217,225,1.00); border-left-color: rgba(217,217,225,1.00); border-top-style: solid; border-right-style: solid; border-bottom-style: solid; border-left-style: solid; border-top-left-radius: 6px; border-top-right-radius: 6px; border-top-width: 1px; border-right-width: 1px; border-bottom-width: 1px; border-left-width: 1px; color: rgb(238, 237, 253); font-size: 16px; height: 44px; padding: 6.4px 12.8px 6.4px 12.8px;"
    type="text"
  />
</div>
`;

exports[`modes should render correctly when colorMode set as prop 1`] = `
<div
  class="css-view-1dbjc4n"
  style="color: rgb(238, 237, 253); position: relative;"
>
  <input
    autocapitalize="sentences"
    autocomplete="on"
    autocorrect="on"
    class="css-textinput-11aywtz r-placeholderTextColor-fa7nb4"
    data-focusable="true"
    dir="auto"
    spellcheck="true"
    style="background-color: rgb(255, 0, 0); border-bottom-left-radius: 6px; border-bottom-right-radius: 6px; border-top-color: rgba(217,217,225,1.00); border-right-color: rgba(217,217,225,1.00); border-bottom-color: rgba(217,217,225,1.00); border-left-color: rgba(217,217,225,1.00); border-top-style: solid; border-right-style: solid; border-bottom-style: solid; border-left-style: solid; border-top-left-radius: 6px; border-top-right-radius: 6px; border-top-width: 1px; border-right-width: 1px; border-bottom-width: 1px; border-left-width: 1px; color: rgb(238, 237, 253); font-size: 16px; height: 44px; padding: 6.4px 12.8px 6.4px 12.8px;"
    type="text"
  />
</div>
`;

exports[`overrides should render correctly 1`] = `
<div
  class="css-view-1dbjc4n"
  style="box-shadow: 0px 1px 4px rgba(0,0,0,0.15); padding: 16px 16px 16px 16px; position: relative;"
>
  <input
    autocapitalize="sentences"
    autocomplete="on"
    autocorrect="on"
    class="css-textinput-11aywtz r-placeholderTextColor-fa7nb4"
    data-focusable="true"
    dir="auto"
    spellcheck="true"
    style="background-color: rgb(255, 0, 0); border-bottom-left-radius: 6px; border-bottom-right-radius: 6px; border-top-color: rgba(217,217,225,1.00); border-right-color: rgba(217,217,225,1.00); border-bottom-color: rgba(217,217,225,1.00); border-left-color: rgba(217,217,225,1.00); border-top-style: solid; border-right-style: solid; border-bottom-style: solid; border-left-style: solid; border-top-left-radius: 6px; border-top-right-radius: 6px; border-top-width: 1px; border-right-width: 1px; border-bottom-width: 1px; border-left-width: 1px; box-shadow: 0px 1px 4px rgba(0,0,0,0.15); font-size: 16px; height: 44px; padding: 16px 16px 16px 16px;"
    type="text"
  />
</div>
`;

exports[`props should render correctly 1`] = `
<div
  class="css-view-1dbjc4n"
  style="position: relative;"
>
  <input
    autocapitalize="sentences"
    autocomplete="on"
    autocorrect="on"
    class="css-textinput-11aywtz r-placeholderTextColor-fa7nb4"
    data-focusable="true"
    dir="auto"
    spellcheck="true"
    style="background-color: rgb(252, 252, 253); border-bottom-left-radius: 6px; border-bottom-right-radius: 6px; border-top-color: rgba(217,217,225,1.00); border-right-color: rgba(217,217,225,1.00); border-bottom-color: rgba(217,217,225,1.00); border-left-color: rgba(217,217,225,1.00); border-top-style: solid; border-right-style: solid; border-bottom-style: solid; border-left-style: solid; border-top-left-radius: 6px; border-top-right-radius: 6px; border-top-width: 1px; border-right-width: 1px; border-bottom-width: 1px; border-left-width: 1px; font-size: 16px; height: 44px; padding: 6.4px 12.8px 6.4px 12.8px;"
    type="text"
  />
</div>
`;

exports[`props should render correctly with CSS props 1`] = `
<div
  class="css-view-1dbjc4n"
  style="color: rgb(87, 79, 235); position: relative;"
>
  <input
    autocapitalize="sentences"
    autocomplete="on"
    autocorrect="on"
    class="css-textinput-11aywtz r-placeholderTextColor-fa7nb4"
    data-focusable="true"
    dir="auto"
    spellcheck="true"
    style="background-color: rgb(252, 252, 253); border-bottom-left-radius: 6px; border-bottom-right-radius: 6px; border-top-color: rgba(217,217,225,1.00); border-right-color: rgba(217,217,225,1.00); border-bottom-color: rgba(217,217,225,1.00); border-left-color: rgba(217,217,225,1.00); border-top-style: solid; border-right-style: solid; border-bottom-style: solid; border-left-style: solid; border-top-left-radius: 6px; border-top-right-radius: 6px; border-top-width: 1px; border-right-width: 1px; border-bottom-width: 1px; border-left-width: 1px; font-size: 16px; height: 44px; padding: 6.4px 12.8px 6.4px 12.8px;"
    type="text"
  />
</div>
`;

exports[`theming Input.styles.base should render correctly 1`] = `
<div
  class="css-view-1dbjc4n"
  style="position: relative;"
>
  <input
    autocapitalize="sentences"
    autocomplete="on"
    autocorrect="on"
    class="css-textinput-11aywtz r-placeholderTextColor-fa7nb4"
    data-focusable="true"
    dir="auto"
    spellcheck="true"
    style="background-color: rgb(255, 0, 0); border-bottom-left-radius: 6px; border-bottom-right-radius: 6px; border-top-color: rgba(217,217,225,1.00); border-right-color: rgba(217,217,225,1.00); border-bottom-color: rgba(217,217,225,1.00); border-left-color: rgba(217,217,225,1.00); border-top-style: solid; border-right-style: solid; border-bottom-style: solid; border-left-style: solid; border-top-left-radius: 6px; border-top-right-radius: 6px; border-top-width: 1px; border-right-width: 1px; border-bottom-width: 1px; border-left-width: 1px; font-size: 16px; height: 44px; padding: 6.4px 12.8px 6.4px 12.8px;"
    type="text"
  />
</div>
`;

exports[`theming Input.styles.base should render correctly 2`] = `
<div
  class="css-view-1dbjc4n"
  style="position: relative;"
>
  <input
    autocapitalize="sentences"
    autocomplete="on"
    autocorrect="on"
    class="css-textinput-11aywtz r-placeholderTextColor-fa7nb4"
    data-focusable="true"
    dir="auto"
    spellcheck="true"
    style="background-color: rgb(252, 252, 253); border-bottom-left-radius: 6px; border-bottom-right-radius: 6px; border-top-color: rgba(217,217,225,1.00); border-right-color: rgba(217,217,225,1.00); border-bottom-color: rgba(217,217,225,1.00); border-left-color: rgba(217,217,225,1.00); border-top-style: solid; border-right-style: solid; border-bottom-style: solid; border-left-style: solid; border-top-left-radius: 6px; border-top-right-radius: 6px; border-top-width: 1px; border-right-width: 1px; border-bottom-width: 1px; border-left-width: 1px; font-size: 16px; height: 44px; padding: 6.4px 12.8px 6.4px 12.8px;"
    type="text"
  />
</div>
`;

exports[`variants renders correctly for applyTheme 1`] = `
<div
  class="css-view-1dbjc4n"
  style="box-shadow: 0px 1px 4px rgba(0,0,0,0.15); color: rgb(255, 0, 0); padding: 16px 16px 16px 16px; position: relative;"
>
  <input
    autocapitalize="sentences"
    autocomplete="on"
    autocorrect="on"
    class="css-textinput-11aywtz r-placeholderTextColor-fa7nb4"
    data-focusable="true"
    dir="auto"
    spellcheck="true"
    style="background-color: rgb(252, 252, 253); box-shadow: 0px 1px 4px rgba(0,0,0,0.15); color: rgb(255, 0, 0); font-size: 16px; height: 44px; padding: 16px 16px 16px 16px;"
    type="text"
  />
</div>
`;

exports[`variants renders correctly for overrides 1`] = `
<div
  class="css-view-1dbjc4n"
  style="box-shadow: 0px 1px 4px rgba(0,0,0,0.15); padding: 16px 16px 16px 16px; position: relative;"
>
  <input
    autocapitalize="sentences"
    autocomplete="on"
    autocorrect="on"
    class="css-textinput-11aywtz r-placeholderTextColor-fa7nb4"
    data-focusable="true"
    dir="auto"
    spellcheck="true"
    style="background-color: rgb(255, 0, 0); box-shadow: 0px 1px 4px rgba(0,0,0,0.15); font-size: 16px; height: 44px; padding: 16px 16px 16px 16px;"
    type="text"
  />
</div>
`;

exports[`variants styles.base should render correctly 1`] = `
<div
  class="css-view-1dbjc4n"
  style="position: relative;"
>
  <input
    autocapitalize="sentences"
    autocomplete="on"
    autocorrect="on"
    class="css-textinput-11aywtz r-placeholderTextColor-fa7nb4"
    data-focusable="true"
    dir="auto"
    spellcheck="true"
    style="background-color: rgb(255, 0, 0); font-size: 16px; height: 44px;"
    type="text"
  />
</div>
`;
